START record040
127.0.0.1 - - [09/Oct/2026 13:40:52] "GET /walkthrough-034.html?autoplay=1 HTTP/1.1" 200 -
127.0.0.1 - - [09/Oct/2026 13:40:52] "GET /data/walkthrough-034.json HTTP/1.1" 200 -
RUNNING page_s=5 title_done=False
RUNNING page_s=10 title_done=False
RUNNING page_s=15 title_done=False
RUNNING page_s=20 title_done=False
RUNNING page_s=25 title_done=False
RUNNING page_s=30 title_done=False
RUNNING page_s=35 title_done=False
RUNNING page_s=40 title_done=False
RUNNING page_s=45 title_done=False
RUNNING page_s=50 title_done=False
RUNNING page_s=55 title_done=False
RUNNING page_s=60 title_done=False
RUNNING page_s=65 title_done=False
RUNNING page_s=70 title_done=False
RUNNING page_s=75 title_done=False
RUNNING page_s=81 title_done=False
RUNNING page_s=86 title_done=False
RUNNING page_s=91 title_done=False
RUNNING page_s=96 title_done=False
RUNNING page_s=101 title_done=False
RUNNING page_s=106 title_done=False
RUNNING page_s=111 title_done=False
RUNNING page_s=116 title_done=False
RUNNING page_s=121 title_done=False
RUNNING page_s=126 title_done=False
RUNNING page_s=131 title_done=False
RUNNING page_s=136 title_done=False
RUNNING page_s=141 title_done=False
RUNNING page_s=146 title_done=False
RUNNING page_s=151 title_done=True
PASS {"mp4_seconds": 154.433333, "timeline_finished": true, "in_browser_recompute": {"#inc-res": "PASS \u00b7 roots match", "#gpu-res": "PASS \u00b7 roots match"}, "event_count": 42, "page_errors": []}
